// Jest Snapshot v1, https://goo.gl/fbAQLP

exports[`App component matches snapshot 1`] = `
<div>
  <div
    class="App"
  >
    <div
      id="home-main"
    />
    <div
      id="slide-left"
    />
  </div>
</div>
`;
